			<a href="javascript:void(0)" data-clipboard-action="copy" data-notice-target=".tec-copy-to-clipboard-notice-content-3" data-clipboard-target=".tec-copy-text-target-3" class="tribe-copy-to-clipboard tribe-dashicons">
				<input type="text" readonly value="Copy me!" />
				<span class="dashicons dashicons-admin-page"></span>
			</a>
						<span class="screen-reader-text tec-copy-text-target-3">Copy me!</span>
			<div class="tec-copy-to-clipboard-notice">
				<div class="tec-copy-to-clipboard-notice-content tec-copy-to-clipboard-notice-content-3">
				</div>
			</div>
		