[
    {
        "id": 2233,
        "title": "Venue 2233 title",
        "description": "Venue 2233 content",
        "excerpt": "",
        "permalink": "http:\/\/%TEST_SITE_WP_DOMAIN%\/?tribe_venue=venue-2233",
        "featured_image_url": "",
        "phone": "2024578944",
        "website": "http:\/\/venue.org",
        "address": "801 Mt Vernon Pl NW",
        "country": "United States",
        "city": "Washington",
        "state_province": "DC",
        "state": "DC",
        "zip": "20001",
        "directions_link": "https:\/\/maps.google.com\/maps?f=q&#038;source=s_q&#038;hl=en&#038;geocode=&#038;q=801+Mt+Vernon+Pl+NW+Washington+DC+20001+United+States",
        "geolocation": ""
    }
]