[
    {
        "id": 3344,
        "title": "Organizer 3344",
        "description": "Organizer 3344 content",
        "excerpt": "",
        "permalink": "http:\/\/%TEST_SITE_WP_DOMAIN%\/?tribe_organizer=organizer-3344",
        "featured_image_url": "",
        "phone": "111223344",
        "website": "http:\/\/organizer.org",
        "email": "organizer@organizer.org"
    }
]