{
    "label": "Users",
    "id": "tec-settings-power-automate-users",
    "classes_label": [
        "screen-reader-text"
    ],
    "classes_select": [
        "tec-settings__users-dropdown",
        "tec-settings-power-automate-details-api-key__users-dropdown"
    ],
    "name": "tec_automator_power-automate[]['users']",
    "selected": 0,
    "users_count": 0,
    "users_arr": [],
    "attrs": {
        "placeholder": "Select a User",
        "data-prevent-clear": true,
        "data-force-search": true,
        "data-options": "[]"
    }
}