test the date function can be mocked: 2019-12-31 00:00:00