{
    "id": 18,
    "global_id": "wordpress.test?id=18",
    "global_id_lineage": [
        "wordpress.test?id=18"
    ],
    "author": "0",
    "status": "draft",
    "date": "2023-04-24 15:23:52",
    "date_utc": "0000-00-00 00:00:00",
    "modified": "2023-04-24 15:23:52",
    "modified_utc": "0000-00-00 00:00:00",
    "url": "http:\/\/wordpress.test\/?post_type=tribe_events&p=18",
    "rest_url": "http:\/\/wordpress.test\/wp-json\/tribe\/events\/v1\/events\/18",
    "title": "Zapier Actions Mark 001",
    "description": "",
    "excerpt": "",
    "slug": "",
    "image": false,
    "all_day": false,
    "start_date": "2023-04-21 08:00:00",
    "start_date_details": {
        "year": "2023",
        "month": "04",
        "day": "21",
        "hour": "08",
        "minutes": "00",
        "seconds": "00"
    },
    "end_date": "2023-04-21 09:00:00",
    "end_date_details": {
        "year": "2023",
        "month": "04",
        "day": "21",
        "hour": "09",
        "minutes": "00",
        "seconds": "00"
    },
    "utc_start_date": "2023-04-21 08:00:00",
    "utc_start_date_details": {
        "year": "2023",
        "month": "04",
        "day": "21",
        "hour": "08",
        "minutes": "00",
        "seconds": "00"
    },
    "utc_end_date": "2023-04-21 09:00:00",
    "utc_end_date_details": {
        "year": "2023",
        "month": "04",
        "day": "21",
        "hour": "09",
        "minutes": "00",
        "seconds": "00"
    },
    "timezone": "UTC+0",
    "timezone_abbr": "UTC+0",
    "cost": "",
    "cost_details": {
        "currency_symbol": "",
        "currency_code": "",
        "currency_position": "",
        "values": []
    },
    "website": "http:\/\/wordpress.test\/?post_type=tribe_events&p=18",
    "show_map": false,
    "show_map_link": false,
    "hide_from_listings": false,
    "sticky": false,
    "featured": false,
    "categories": [],
    "tags": [],
    "venue": [],
    "organizer": [],
    "ticketed": false
}