<div class="tribe_settings wrap tec-events-admin-settings">
	<div class="tribe-notice-wrap">
		<div class="wp-header-end"></div>
	</div>
	<h1>
		<img
			class="tribe-events-admin-title__logo"
			src="http://wordpress.test/wp-content/plugins/event-tickets/common/src/resources/images/logo/the-events-calendar.svg"
			alt="The Events Calendar logo"
			role="presentation"
			id="tec-settings-logo"
		/>
		Help
	</h1>
	<dialog id="tec-settings-nav-modal" class="tec-settings-form__modal" aria-labelledby="tec-settings-nav-modal-title" aria-modal="true" role="dialog">
		<div class="tec-modal__content">
			<div class="tec-modal__header">
				<h2 id="tec-settings-nav-modal-title" class="screen-reader-text">Settings Navigation</h2>
				<button id="tec-settings-nav-modal-close" class="tec-modal__control tec-modal__control--close" data-modal-close aria-label="Close settings navigation">
					<span class="screen-reader-text">Close</span>
				</button>
			</div>
			<nav class="tec-settings__nav-wrapper" aria-label="Help Hub Navigation">
				<ul class="tec-nav" role="tablist">
											<li
							data-tab-target="tec-help-tab"
							class="tec-nav__tab tec-nav__tab--active"
							role="tab"
							id="tab-tec-help-tab"
							aria-controls="tec-help-tab"
						>
							<a class="tec-nav__link">Support Hub</a>
						</li>
											<li
							data-tab-target="tec-resources-tab"
							class="tec-nav__tab "
							role="tab"
							id="tab-tec-resources-tab"
							aria-controls="tec-resources-tab"
						>
							<a class="tec-nav__link">Resources</a>
						</li>
									</ul>
			</nav>
		</div>
	</dialog>
	<div class="tec-nav__modal-controls">
		<button
			id="tec-settings-nav-modal-open"
			class="tec-modal__control tec-modal__control--open"
			aria-controls="tec-settings-nav-modal"
			aria-expanded="false"
			aria-label="Open settings navigation"
		>
			<span>Support Hub</span>
			<img
				class="tec-modal__control-icon"
				src="http://wordpress.test/wp-content/plugins/event-tickets/common/src/resources/images/icons/hamburger.svg"
				alt="Open settings navigation"
			>
		</button>
	</div>
	<nav class="tec-settings__nav-wrapper" aria-label="Main Help Hub Navigation">
		<ul class="tec-nav" role="tablist">
							<li
					data-tab-target="tec-help-tab"
					class="tec-nav__tab tec-nav__tab--active"
					role="tab"
					id="tab-main-tec-help-tab"
					aria-controls="tec-help-tab"
				>
					<a class="tec-nav__link">Support Hub</a>
				</li>
							<li
					data-tab-target="tec-resources-tab"
					class="tec-nav__tab "
					role="tab"
					id="tab-main-tec-resources-tab"
					aria-controls="tec-resources-tab"
				>
					<a class="tec-nav__link">Resources</a>
				</li>
					</ul>
	</nav>
	<div id="tec-help-hub-tab-containers" class="tec-tab-parent-container">
					<div
				id="tec-help-tab"
				class="tec-tab-container hidden"
				role="tabpanel"
				aria-labelledby="tab-tec-help-tab"
				data-link-title="Support Hub"
			>
					<div class="tribe-settings-form form">
		<div class="tec-settings-form">
			<div class="tec-settings-form__header-block tec-settings-form__header-block--horizontal">
				<h2 class="tec-settings-form__section-header">
					TEC Support Hub				</h2>
				<p class="tec-settings-form__section-description">
					Help on setting up, customizing, and troubleshooting your calendar.				</p>
			</div>
			<div class="tec-settings-form__content-section">
				<div>
					<div class="tec-settings__support-hub-iframe-container">
	<!-- Loading spinner displayed while iframe content is loading -->
	<div id="tec-settings__support-hub-iframe-loader" class="loader">
		<div class="spinner-container">
			<div class="spinner is-active"></div> <!-- WordPress spinner class -->
		</div>
	</div>

	<!-- Embed the iframe with the dynamically generated URL -->
	<iframe src="http://wordpress.test/wp-admin/edit.php?post_type=tribe_events&#038;page=tec-events-help-hub&#038;embedded_content=true" frameborder="0" tabindex="-1" id="tec-settings__support-hub-iframe" class="hidden"></iframe>
</div>
				</div>
			</div>
		</div>
	</div>

<div class="tec-settings-form__sidebar tec-help-resources__sidebar">
	<div class="tec-settings-form__sidebar-section">
		<h2>
			Our TEC support hub now offers an improved help experience		</h2>
		<p>
			Our Help page is better than ever with the addition of:		</p>

		<div class="tec-settings__sidebar-icon-wrap">
			<div>
				<img class="tec-settings-infobox-logo"
					src=""
					alt="AI chat bot logo"
				>
			</div>
			<div class="tec-settings__sidebar-icon-wrap-content">
				<h3>
					AI Chatbot				</h3>
				<p>
					Here to provide quick answers to your questions. It’s never been easier to find the right resource.				</p>
			</div>
		</div>
		<div class="tec-settings__sidebar-icon-wrap">
			<div>
				<img class="tec-settings-infobox-logo"
					src=""
					alt="Support chat logo"
				>
			</div>
			<div class="tec-settings__sidebar-icon-wrap-content">
				<h3>
					In-app priority live support				</h3>
				<p>
					Get access to our agents or generate a support ticket from right here.				</p>
			</div>
		</div>
		<p>
			To enhance your experience, we require your consent to collect and share some of your website’s data with our AI chatbot. 		</p>
		<p>
			<a class="button-secondary" href="http://wordpress.test/wp-admin/edit.php?page=tec-events-settings&#038;tab=general-debugging-tab&#038;post_type=tribe_events">
				Manage my data sharing consent			</a>
		</p>
	</div>
</div>
			</div>
					<div
				id="tec-resources-tab"
				class="tec-tab-container hidden"
				role="tabpanel"
				aria-labelledby="tab-tec-resources-tab"
				data-link-title="Resources"
			>
				<div class="tribe-settings-form form">
	<div class="tec-settings-form">
		<div class="tec-settings-form__header-block tec-settings-form__header-block--horizontal">
			<h2 class="tec-settings-form__section-header">
				Resources			</h2>
			<p class="tec-settings-form__section-description">
				Help on setting up, customizing, and troubleshooting your calendar. See our <a href="https://evnt.is/1bbw" rel="noopener noreferrer" target="_blank">Knowledgebase</a> for in-depth content.			</p>
			<div class='notice notice-info is-dismissible inline' data-stellarwp-tec_common-notice-id='tec-common-help-chatbot-notice'><p>To find the answer to all your questions use the <a data-tab-target="tec-help-tab" href="#">TEC Chatbot</a></p></div>		</div>
		
<div class="tec-settings-form__content-section">
	<div class="tec-settings-form__header-block">
		<h3 class="tec-settings-form__section-header tec-settings-form__section-header--sub">
			Getting Started		</h3>
					<p class="tec-settings-form__section-description">
				Learn the basics of The Events Calendar.			</p>
			</div>
	<ul class="tec-help-list__list-expanded">
								<li>
									<img class="tec-help-list__icon-expanded" src="/mock/path/to/tec-icon.svg" alt="Product Icon"/>
								<a href="#" rel="noopener" target="_blank">
					Mock The Events Calendar				</a>
			</li>
								<li>
									<img class="tec-help-list__icon-expanded" src="/mock/path/to/ea-icon.svg" alt="Product Icon"/>
								<a href="#" rel="noopener" target="_blank">
					Mock Event Aggregator				</a>
			</li>
			</ul>
</div>

<div class="tec-settings-form__content-section">
	<div class="tec-settings-form__header-block">
		<h3 class="tec-settings-form__section-header tec-settings-form__section-header--sub">
			Frequently Asked Questions		</h3>
		<p class="tec-settings-form__section-description">
			Get quick answers to common questions.		</p>
	</div>
	<div class="tec-ui-accordion">
					<h4>Can I have more than one calendar?</h4>
			<div>
				<p>Yes, you can use this feature in the mock environment.</p>
										<p><a href="#" rel="noopener" target="_blank">Learn More</a></p>
									</div>
			</div>
</div>

		<div class="tec-settings-infobox">
			<img class="tec-settings-infobox-logo" src="" alt="AI Chatboat logo">
			<h3 class="tec-settings-infobox-title">
				Our AI Chatbot is here to help you			</h3>
			<p>
				You have questions? The TEC Chatbot has the answers.			</p>
			<p>
				<a data-tab-target="tec-help-tab" href="javascript:void(0)">
					Talk to TEC Chatbot				</a>
			</p>
		</div>
	</div>
</div>

<div class="tec-settings-form__sidebar tec-help-resources__sidebar">
	<div class="tec-settings-form__sidebar-section">
		<h2>
			Our TEC support hub now offers an improved help experience		</h2>
		<p>
			Our Help page is better than ever with the addition of:		</p>

		<div class="tec-settings__sidebar-icon-wrap">
			<div>
				<img class="tec-settings-infobox-logo"
					src=""
					alt="AI chat bot logo"
				>
			</div>
			<div class="tec-settings__sidebar-icon-wrap-content">
				<h3>
					AI Chatbot				</h3>
				<p>
					Here to provide quick answers to your questions. It’s never been easier to find the right resource.				</p>
			</div>
		</div>
		<div class="tec-settings__sidebar-icon-wrap">
			<div>
				<img class="tec-settings-infobox-logo"
					src=""
					alt="Support chat logo"
				>
			</div>
			<div class="tec-settings__sidebar-icon-wrap-content">
				<h3>
					In-app priority live support				</h3>
				<p>
					Get access to our agents or generate a support ticket from right here.				</p>
			</div>
		</div>
		<p>
			To enhance your experience, we require your consent to collect and share some of your website’s data with our AI chatbot. 		</p>
		<p>
			<a class="button-secondary" href="http://wordpress.test/wp-admin/edit.php?page=tec-events-settings&#038;tab=general-debugging-tab&#038;post_type=tribe_events">
				Manage my data sharing consent			</a>
		</p>
	</div>
</div>
			</div>
			</div>
</div>

