<div class="error"><p>To begin using Event Automator, please install the latest version of <a href="plugin-install.php?tab=plugin-information&#038;plugin=the-events-calendar&#038;TB_iframe=true" class="thickbox" title="The Events Calendar">The Events Calendar</a> or <a href="plugin-install.php?tab=plugin-information&#038;plugin=event-tickets&#038;TB_iframe=true" class="thickbox" title="Event Tickets">Event Tickets</a>.</p></div>