{
    "label": "Users",
    "id": "tec-settings-zapier-users",
    "classes_label": [
        "screen-reader-text"
    ],
    "classes_select": [
        "tec-settings-form__users-dropdown",
        "tec-settings-zapier-details-api-key__users-dropdown"
    ],
    "name": "tec_automator_zapier[]['users']",
    "selected": 0,
    "users_count": 16,
    "attrs": {
        "placeholder": "Select a User",
        "data-prevent-clear": true,
        "data-force-search": true,
        "data-options": "[{\"text\":\"{USERNAME}\",\"sort\":\"{USERNAME}\",\"id\":\"2\",\"value\":\"2\",\"selected\":false},{\"text\":\"{USERNAME}\",\"sort\":\"{USERNAME}\",\"id\":\"3\",\"value\":\"3\",\"selected\":false},{\"text\":\"{USERNAME}\",\"sort\":\"{USERNAME}\",\"id\":\"4\",\"value\":\"4\",\"selected\":false},{\"text\":\"{USERNAME}\",\"sort\":\"{USERNAME}\",\"id\":\"5\",\"value\":\"5\",\"selected\":false},{\"text\":\"{USERNAME}\",\"sort\":\"{USERNAME}\",\"id\":\"6\",\"value\":\"6\",\"selected\":false},{\"text\":\"{USERNAME}\",\"sort\":\"{USERNAME}\",\"id\":\"7\",\"value\":\"7\",\"selected\":false},{\"text\":\"{USERNAME}\",\"sort\":\"{USERNAME}\",\"id\":\"8\",\"value\":\"8\",\"selected\":false},{\"text\":\"{USERNAME}\",\"sort\":\"{USERNAME}\",\"id\":\"9\",\"value\":\"9\",\"selected\":false},{\"text\":\"{USERNAME}\",\"sort\":\"{USERNAME}\",\"id\":\"10\",\"value\":\"10\",\"selected\":false},{\"text\":\"{USERNAME}\",\"sort\":\"{USERNAME}\",\"id\":\"11\",\"value\":\"11\",\"selected\":false},{\"text\":\"{USERNAME}\",\"sort\":\"{USERNAME}\",\"id\":\"12\",\"value\":\"12\",\"selected\":false},{\"text\":\"{USERNAME}\",\"sort\":\"{USERNAME}\",\"id\":\"13\",\"value\":\"13\",\"selected\":false},{\"text\":\"{USERNAME}\",\"sort\":\"{USERNAME}\",\"id\":\"14\",\"value\":\"14\",\"selected\":false},{\"text\":\"{USERNAME}\",\"sort\":\"{USERNAME}\",\"id\":\"15\",\"value\":\"15\",\"selected\":false},{\"text\":\"{USERNAME}\",\"sort\":\"{USERNAME}\",\"id\":\"16\",\"value\":\"16\",\"selected\":false},{\"text\":\"admin\",\"sort\":\"admin\",\"id\":\"1\",\"value\":\"1\",\"selected\":false}]"
    }
}