{
    "type": "object",
    "properties": {
        "date": {
            "type": "string",
            "description": "The date",
            "format": "date-time",
            "pattern": "^[0-9]{4}-[0-9]{2}-[0-9]{2} [0-9]{2}:[0-9]{2}:[0-9]{2}\\.[0-9]{6}$",
            "example": "2025-07-10 08:00:00.000000"
        },
        "timezone_type": {
            "type": "integer",
            "description": "The timezone of the date",
            "example": 1
        },
        "timezone": {
            "type": "string",
            "description": "The timezone of the date",
            "example": "Europe/Athens"
        }
    }
}